MPLINK 4.46, Linker
Linker Map File - Created Fri Sep 02 06:27:05 2022

                                 Section Info
                  Section       Type    Address   Location Size(Bytes)
                ---------  ---------  ---------  ---------  ---------
                   .org_0       code   0x000000    program   0x000000
                   .org_1       code   0x000000    program   0x000002
                   .org_2       code   0x000005    program   0x000034



                              Program Memory Usage 
                               Start         End      
                           ---------   ---------      
                            0x000000    0x000000      
                            0x000005    0x00001e      
            27 out of 8454 program addresses used, program memory utilization is 0%



                              Symbols - Sorted by Name
                     Name    Address   Location    Storage File                     
                ---------  ---------  ---------  --------- ---------                
              corrimiento   0x00000d    program     static E:\P2\EJ5.asm            
                      dos   0x000016    program     static E:\P2\EJ5.asm            
                   inicio   0x000005    program     static E:\P2\EJ5.asm            
                    loop2   0x00000b    program     static E:\P2\EJ5.asm            
                  retardo   0x000012    program     static E:\P2\EJ5.asm            
                     tres   0x000014    program     static E:\P2\EJ5.asm            
                      uno   0x000018    program     static E:\P2\EJ5.asm            



                              Symbols - Sorted by Address
                     Name    Address   Location    Storage File                     
                ---------  ---------  ---------  --------- ---------                
                   inicio   0x000005    program     static E:\P2\EJ5.asm            
                    loop2   0x00000b    program     static E:\P2\EJ5.asm            
              corrimiento   0x00000d    program     static E:\P2\EJ5.asm            
                  retardo   0x000012    program     static E:\P2\EJ5.asm            
                     tres   0x000014    program     static E:\P2\EJ5.asm            
                      dos   0x000016    program     static E:\P2\EJ5.asm            
                      uno   0x000018    program     static E:\P2\EJ5.asm            


