MPLINK 4.46, Linker
Linker Map File - Created Fri Nov 04 05:23:46 2022

                                 Section Info
                  Section       Type    Address   Location Size(Bytes)
                ---------  ---------  ---------  ---------  ---------
                   .org_0       code   0x000000    program   0x000002
                   .org_1       code   0x000005    program   0x00004e



                              Program Memory Usage 
                               Start         End      
                           ---------   ---------      
                            0x000000    0x000000      
                            0x000005    0x00002b      
            40 out of 8454 program addresses used, program memory utilization is 0%



                              Symbols - Sorted by Name
                     Name    Address   Location    Storage File                     
                ---------  ---------  ---------  --------- ---------                
              CONVERTIDOR   0x000010    program     static E:\P6_LabMicros\ejer2.asm
                   INICIO   0x000005    program     static E:\P6_LabMicros\ejer2.asm
                      OP1   0x00001e    program     static E:\P6_LabMicros\ejer2.asm
                      OP2   0x000021    program     static E:\P6_LabMicros\ejer2.asm
                  RETARDO   0x000024    program     static E:\P6_LabMicros\ejer2.asm
                    jloop   0x000026    program     static E:\P6_LabMicros\ejer2.asm
                    kloop   0x000027    program     static E:\P6_LabMicros\ejer2.asm



                              Symbols - Sorted by Address
                     Name    Address   Location    Storage File                     
                ---------  ---------  ---------  --------- ---------                
                   INICIO   0x000005    program     static E:\P6_LabMicros\ejer2.asm
              CONVERTIDOR   0x000010    program     static E:\P6_LabMicros\ejer2.asm
                      OP1   0x00001e    program     static E:\P6_LabMicros\ejer2.asm
                      OP2   0x000021    program     static E:\P6_LabMicros\ejer2.asm
                  RETARDO   0x000024    program     static E:\P6_LabMicros\ejer2.asm
                    jloop   0x000026    program     static E:\P6_LabMicros\ejer2.asm
                    kloop   0x000027    program     static E:\P6_LabMicros\ejer2.asm


