MPLINK 4.46, Linker
Linker Map File - Created Tue Nov 08 14:23:54 2022

                                 Section Info
                  Section       Type    Address   Location Size(Bytes)
                ---------  ---------  ---------  ---------  ---------
                   .org_0       code   0x000000    program   0x000000
                   .org_1       code   0x000000    program   0x000002
                   .org_2       code   0x000005    program   0x00004c



                              Program Memory Usage 
                               Start         End      
                           ---------   ---------      
                            0x000000    0x000000      
                            0x000005    0x00002a      
            39 out of 8454 program addresses used, program memory utilization is 0%



                              Symbols - Sorted by Name
                     Name    Address   Location    Storage File                     
                ---------  ---------  ---------  --------- ---------                
                  Recibe2   0x000024    program     static E:\P7\Ej1_P7.asm         
                  apagado   0x00001f    program     static E:\P7\Ej1_P7.asm         
                encendido   0x000021    program     static E:\P7\Ej1_P7.asm         
                   inicio   0x000005    program     static E:\P7\Ej1_P7.asm         
                     loop   0x000014    program     static E:\P7\Ej1_P7.asm         
                   recibe   0x000010    program     static E:\P7\Ej1_P7.asm         
                transmite   0x000027    program     static E:\P7\Ej1_P7.asm         



                              Symbols - Sorted by Address
                     Name    Address   Location    Storage File                     
                ---------  ---------  ---------  --------- ---------                
                   inicio   0x000005    program     static E:\P7\Ej1_P7.asm         
                   recibe   0x000010    program     static E:\P7\Ej1_P7.asm         
                     loop   0x000014    program     static E:\P7\Ej1_P7.asm         
                  apagado   0x00001f    program     static E:\P7\Ej1_P7.asm         
                encendido   0x000021    program     static E:\P7\Ej1_P7.asm         
                  Recibe2   0x000024    program     static E:\P7\Ej1_P7.asm         
                transmite   0x000027    program     static E:\P7\Ej1_P7.asm         


