MPLINK 4.46, Linker
Linker Map File - Created Tue Nov 08 15:01:21 2022

                                 Section Info
                  Section       Type    Address   Location Size(Bytes)
                ---------  ---------  ---------  ---------  ---------
                   .org_0       code   0x000000    program   0x000000
                   .org_1       code   0x000000    program   0x000002
                   .org_2       code   0x000005    program   0x00005e



                              Program Memory Usage 
                               Start         End      
                           ---------   ---------      
                            0x000000    0x000000      
                            0x000005    0x000033      
            48 out of 8454 program addresses used, program memory utilization is 0%



                              Symbols - Sorted by Name
                     Name    Address   Location    Storage File                     
                ---------  ---------  ---------  --------- ---------                
                  Recibe2   0x00002d    program     static E:\P7\Ej2_P7.asm         
                  apagado   0x000028    program     static E:\P7\Ej2_P7.asm         
                encendido   0x00002a    program     static E:\P7\Ej2_P7.asm         
                   inicio   0x000005    program     static E:\P7\Ej2_P7.asm         
                     loop   0x000014    program     static E:\P7\Ej2_P7.asm         
                   recibe   0x000010    program     static E:\P7\Ej2_P7.asm         
                recorrido   0x000023    program     static E:\P7\Ej2_P7.asm         
                transmite   0x000030    program     static E:\P7\Ej2_P7.asm         



                              Symbols - Sorted by Address
                     Name    Address   Location    Storage File                     
                ---------  ---------  ---------  --------- ---------                
                   inicio   0x000005    program     static E:\P7\Ej2_P7.asm         
                   recibe   0x000010    program     static E:\P7\Ej2_P7.asm         
                     loop   0x000014    program     static E:\P7\Ej2_P7.asm         
                recorrido   0x000023    program     static E:\P7\Ej2_P7.asm         
                  apagado   0x000028    program     static E:\P7\Ej2_P7.asm         
                encendido   0x00002a    program     static E:\P7\Ej2_P7.asm         
                  Recibe2   0x00002d    program     static E:\P7\Ej2_P7.asm         
                transmite   0x000030    program     static E:\P7\Ej2_P7.asm         


