MPLINK 4.46, Linker
Linker Map File - Created Fri Sep 09 07:03:41 2022

                                 Section Info
                  Section       Type    Address   Location Size(Bytes)
                ---------  ---------  ---------  ---------  ---------
                   .org_0       code   0x000000    program   0x000000
                   .org_1       code   0x000000    program   0x000002
                   .org_2       code   0x000005    program   0x000094



                              Program Memory Usage 
                               Start         End      
                           ---------   ---------      
                            0x000000    0x000000      
                            0x000005    0x00004e      
            75 out of 8454 program addresses used, program memory utilization is 0%



                              Symbols - Sorted by Name
                     Name    Address   Location    Storage File                     
                ---------  ---------  ---------  --------- ---------                
                    CASO1   0x000028    program     static E:\P3\EJ2.asm            
                    CASO2   0x00002a    program     static E:\P3\EJ2.asm            
                    CASO3   0x00002e    program     static E:\P3\EJ2.asm            
                    CASO4   0x000035    program     static E:\P3\EJ2.asm            
                    CASO5   0x00003b    program     static E:\P3\EJ2.asm            
                    CASO6   0x00003c    program     static E:\P3\EJ2.asm            
                   CORRER   0x000030    program     static E:\P3\EJ2.asm            
                  PUERTOA   0x00000e    program     static E:\P3\EJ2.asm            
                      dos   0x000046    program     static E:\P3\EJ2.asm            
                   inicio   0x000005    program     static E:\P3\EJ2.asm            
                  retardo   0x000042    program     static E:\P3\EJ2.asm            
                     tres   0x000044    program     static E:\P3\EJ2.asm            
                      uno   0x000048    program     static E:\P3\EJ2.asm            



                              Symbols - Sorted by Address
                     Name    Address   Location    Storage File                     
                ---------  ---------  ---------  --------- ---------                
                   inicio   0x000005    program     static E:\P3\EJ2.asm            
                  PUERTOA   0x00000e    program     static E:\P3\EJ2.asm            
                    CASO1   0x000028    program     static E:\P3\EJ2.asm            
                    CASO2   0x00002a    program     static E:\P3\EJ2.asm            
                    CASO3   0x00002e    program     static E:\P3\EJ2.asm            
                   CORRER   0x000030    program     static E:\P3\EJ2.asm            
                    CASO4   0x000035    program     static E:\P3\EJ2.asm            
                    CASO5   0x00003b    program     static E:\P3\EJ2.asm            
                    CASO6   0x00003c    program     static E:\P3\EJ2.asm            
                  retardo   0x000042    program     static E:\P3\EJ2.asm            
                     tres   0x000044    program     static E:\P3\EJ2.asm            
                      dos   0x000046    program     static E:\P3\EJ2.asm            
                      uno   0x000048    program     static E:\P3\EJ2.asm            


